<html>
<body>
<pre>
<h1>µVision Build Log</h1>
<h2>Tool Versions:</h2>
IDE-Version: µVision V5.41.0.0
Copyright (C) 2024 ARM Ltd and ARM Germany GmbH. All rights reserved.
License Information: Riccardo Revalor Politecnico di Torino Flex license: MDK Professional 5.41 (Flex) (mdk_pro) Operation stops: 15 Aug 2025
 
Tool Versions:
Toolchain:       MDK Professional 5.41 (Flex)  Version: 5.41.0.0
Toolchain Path:  D:\ARM Keil\ARM\ARMCLANG\Bin
C Compiler:      ArmClang.exe V6.22
Assembler:       Armasm.exe V6.22
Linker/Locator:  ArmLink.exe V6.22
Library Manager: ArmAr.exe V6.22
Hex Converter:   FromElf.exe V6.22
CPU DLL:         SARMCM3.DLL V5.41.0.0
Dialog DLL:      DARMP1.DLL V1.28.1.0
Target DLL:      UL2CM3.DLL V1.164.14.0
Dialog DLL:      TARMP1.DLL V1.27.1.0
 
<h2>Project:</h2>
R:\MAGISTRALE\ANNO 1\COMPUTER ARCHITECTURES\TEMPLATE_SC_GIT\LandTiger-Template\sample.uvprojx
Project File Date:  01/28/2025

<h2>Output:</h2>
*** Using Compiler 'V6.22', folder: 'D:\ARM Keil\ARM\ARMCLANG\Bin'
Rebuild target 'SW_Debug'
assembling startup_LPC17xx.s...
compiling utils.c...
creating preprocessor file for utils.c...
creating preprocessor file for lib_led.c...
compiling functions.c...
creating preprocessor file for functions.c...
compiling lib_led.c...
creating preprocessor file for sample.c...
creating preprocessor file for funct_led.c...
creating preprocessor file for system_LPC17xx.c...
creating preprocessor file for IRQ_button.c...
compiling IRQ_button.c...
compiling system_LPC17xx.c...
compiling sample.c...
compiling funct_led.c...
creating preprocessor file for lib_button.c...
creating preprocessor file for IRQ_RIT.c...
assembling ASM_functs.s...
compiling lib_button.c...
creating preprocessor file for lib_RIT.c...
creating preprocessor file for lib_joystick.c...
compiling lib_RIT.c...
compiling IRQ_RIT.c...
compiling lib_joystick.c...
creating preprocessor file for IRQ_timer.c...
creating preprocessor file for lib_timer.c...
compiling IRQ_timer.c...
compiling lib_timer.c...
linking...
Program Size: Code=2040 RO-data=252 RW-data=4 ZI-data=676  
".\Objects\sample_JOYSTICK.axf" - 0 Error(s), 0 Warning(s).

<h2>Software Packages used:</h2>

Package Vendor: ARM
                https://www.keil.com/pack/ARM.CMSIS.6.1.0.pack
                ARM::CMSIS@6.1.0
                CMSIS (Common Microcontroller Software Interface Standard)
   * Component: CORE Version: 6.1.0

Package Vendor: Keil
                http://www.keil.com/pack/Keil.LPC1700_DFP.2.7.1.pack
                Keil::LPC1700_DFP@2.7.1
                NXP LPC1700 Series Device Support, Drivers and Examples for MCB1700 and LPC1788-32

<h2>Collection of Component include folders:</h2>
  ./RTE/_SW_Debug
  D:/ARM Keil/Packs/ARM/CMSIS/6.1.0/CMSIS/Core/Include
  D:/ARM Keil/Packs/Keil/LPC1700_DFP/2.7.1/Device/Include

<h2>Collection of Component Files used:</h2>

   * Component: ARM::CMSIS:CORE@6.1.0
Build Time Elapsed:  00:00:02
</pre>
</body>
</html>
